73.48.251.82 - - [23/Sep/2015:22:21:09 +0000] "GET /~bgreen5/stylesheet.css HTTP/1.1" 404 1132 "http://phillipsd.net/~bgreen5/index.html" "Mozilla/5.0 (Macintosh; Intel Mac OS X 10_10_5) AppleWebKit/537.36 (KHTML, like Gecko) Chrome/45.0.2454.93 Safari/537.36"
73.48.251.82 - - [23/Sep/2015:22:21:09 +0000] "GET /favicon.ico HTTP/1.1" 200 302 "http://phillipsd.net/~bgreen5/index.html" "Mozilla/5.0 (Macintosh; Intel Mac OS X 10_10_5) AppleWebKit/537.36 (KHTML, like Gecko) Chrome/45.0.2454.93 Safari/537.36"
73.48.251.82 - - [23/Sep/2015:22:21:16 +0000] "GET /~bgreen5/index.html HTTP/1.1" 304 - "-" "Mozilla/5.0 (Macintosh; Intel Mac OS X 10_10_5) AppleWebKit/537.36 (KHTML, like Gecko) Chrome/45.0.2454.93 Safari/537.36"
73.48.251.82 - - [23/Sep/2015:22:21:16 +0000] "GET /~bgreen5/stylesheet.css HTTP/1.1" 404 1132 "http://phillipsd.net/~bgreen5/index.html" "Mozilla/5.0 (Macintosh; Intel Mac OS X 10_10_5) AppleWebKit/537.36 (KHTML, like Gecko) Chrome/45.0.2454.93 Safari/537.36"
73.48.251.82 - - [23/Sep/2015:22:21:16 +0000] "GET /favicon.ico HTTP/1.1" 200 302 "http://phillipsd.net/~bgreen5/index.html" "Mozilla/5.0 (Macintosh; Intel Mac OS X 10_10_5) AppleWebKit/537.36 (KHTML, like Gecko) Chrome/45.0.2454.93 Safari/537.36"
73.48.251.82 - - [23/Sep/2015:22:21:18 +0000] "GET /~bgreen5/index.html HTTP/1.1" 304 - "-" "Mozilla/5.0 (Macintosh; Intel Mac OS X 10_10_5) AppleWebKit/537.36 (KHTML, like Gecko) Chrome/45.0.2454.93 Safari/537.36"
73.48.251.82 - - [23/Sep/2015:22:21:18 +0000] "GET /~bgreen5/stylesheet.css HTTP/1.1" 404 1132 "http://phillipsd.net/~bgreen5/index.html" "Mozilla/5.0 (Macintosh; Intel Mac OS X 10_10_5) AppleWebKit/537.36 (KHTML, like Gecko) Chrome/45.0.2454.93 Safari/537.36"
73.48.251.82 - - [23/Sep/2015:22:21:18 +0000] "GET /favicon.ico HTTP/1.1" 200 302 "http://phillipsd.net/~bgreen5/index.html" "Mozilla/5.0 (Macintosh; Intel Mac OS X 10_10_5) AppleWebKit/537.36 (KHTML, like Gecko) Chrome/45.0.2454.93 Safari/537.36"
73.48.251.82 - - [23/Sep/2015:22:25:18 +0000] "GET /~bgreen5/index.html HTTP/1.1" 200 387 "-" "Mozilla/5.0 (Macintosh; Intel Mac OS X 10_10_5) AppleWebKit/537.36 (KHTML, like Gecko) Chrome/45.0.2454.93 Safari/537.36"
73.48.251.82 - - [23/Sep/2015:22:25:18 +0000] "GET /~bgreen5/stylesheet.css HTTP/1.1" 404 1132 "http://phillipsd.net/~bgreen5/index.html" "Mozilla/5.0 (Macintosh; Intel Mac OS X 10_10_5) AppleWebKit/537.36 (KHTML, like Gecko) Chrome/45.0.2454.93 Safari/537.36"
73.48.251.82 - - [23/Sep/2015:22:25:18 +0000] "GET /favicon.ico HTTP/1.1" 200 302 "http://phillipsd.net/~bgreen5/index.html" "Mozilla/5.0 (Macintosh; Intel Mac OS X 10_10_5) AppleWebKit/537.36 (KHTML, like Gecko) Chrome/45.0.2454.93 Safari/537.36"
73.48.251.82 - - [23/Sep/2015:22:25:20 +0000] "GET /~bgreen5/index.html HTTP/1.1" 304 - "-" "Mozilla/5.0 (Macintosh; Intel Mac OS X 10_10_5) AppleWebKit/537.36 (KHTML, like Gecko) Chrome/45.0.2454.93 Safari/537.36"
73.48.251.82 - - [23/Sep/2015:22:25:20 +0000] "GET /~bgreen5/stylesheet.css HTTP/1.1" 404 1132 "http://phillipsd.net/~bgreen5/index.html" "Mozilla/5.0 (Macintosh; Intel Mac OS X 10_10_5) AppleWebKit/537.36 (KHTML, like Gecko) Chrome/45.0.2454.93 Safari/537.36"
73.48.251.82 - - [23/Sep/2015:22:25:20 +0000] "GET /favicon.ico HTTP/1.1" 200 302 "http://phillipsd.net/~bgreen5/index.html" "Mozilla/5.0 (Macintosh; Intel Mac OS X 10_10_5) AppleWebKit/537.36 (KHTML, like Gecko) Chrome/45.0.2454.93 Safari/537.36"
73.48.251.82 - - [23/Sep/2015:22:25:23 +0000] "GET /~bgreen5/index.html HTTP/1.1" 304 - "-" "Mozilla/5.0 (Macintosh; Intel Mac OS X 10_10_5) AppleWebKit/537.36 (KHTML, like Gecko) Chrome/45.0.2454.93 Safari/537.36"
73.48.251.82 - - [23/Sep/2015:22:25:23 +0000] "GET /~bgreen5/stylesheet.css HTTP/1.1" 404 1132 "http://phillipsd.net/~bgreen5/index.html" "Mozilla/5.0 (Macintosh; Intel Mac OS X 10_10_5) AppleWebKit/537.36 (KHTML, like Gecko) Chrome/45.0.2454.93 Safari/537.36"
198.189.14.66 - - [23/Sep/2015:22:25:46 +0000] "GET /~amarquez21/ HTTP/1.1" 200 1779 "-" "Mozilla/5.0 (Windows NT 6.3; WOW64; rv:40.0) Gecko/20100101 Firefox/40.0"
198.189.14.66 - - [23/Sep/2015:22:25:47 +0000] "GET /favicon.ico HTTP/1.1" 200 302 "-" "Mozilla/5.0 (Windows NT 6.3; WOW64; rv:40.0) Gecko/20100101 Firefox/40.0"
198.189.14.66 - - [23/Sep/2015:22:25:48 +0000] "GET /~amarquez21/Lab4.html HTTP/1.1" 200 4113 "http://phillipsd.net/~amarquez21/" "Mozilla/5.0 (Windows NT 6.3; WOW64; rv:40.0) Gecko/20100101 Firefox/40.0"
73.48.251.82 - - [23/Sep/2015:22:33:00 +0000] "GET /~bgreen5/index.html HTTP/1.1" 200 385 "-" "Mozilla/5.0 (Macintosh; Intel Mac OS X 10_10_5) AppleWebKit/537.36 (KHTML, like Gecko) Chrome/45.0.2454.93 Safari/537.36"
73.48.251.82 - - [23/Sep/2015:22:33:00 +0000] "GET /~bgreen5/stylesheet.css HTTP/1.1" 404 1132 "http://phillipsd.net/~bgreen5/index.html" "Mozilla/5.0 (Macintosh; Intel Mac OS X 10_10_5) AppleWebKit/537.36 (KHTML, like Gecko) Chrome/45.0.2454.93 Safari/537.36"
73.48.251.82 - - [23/Sep/2015:22:33:00 +0000] "GET /favicon.ico HTTP/1.1" 200 302 "http://phillipsd.net/~bgreen5/index.html" "Mozilla/5.0 (Macintosh; Intel Mac OS X 10_10_5) AppleWebKit/537.36 (KHTML, like Gecko) Chrome/45.0.2454.93 Safari/537.36"
73.48.251.82 - - [23/Sep/2015:22:33:05 +0000] "GET /~bgreen5/index.html HTTP/1.1" 304 - "-" "Mozilla/5.0 (Macintosh; Intel Mac OS X 10_10_5) AppleWebKit/537.36 (KHTML, like Gecko) Chrome/45.0.2454.93 Safari/537.36"
73.48.251.82 - - [23/Sep/2015:22:33:05 +0000] "GET /~bgreen5/stylesheet.css HTTP/1.1" 404 1132 "http://phillipsd.net/~bgreen5/index.html" "Mozilla/5.0 (Macintosh; Intel Mac OS X 10_10_5) AppleWebKit/537.36 (KHTML, like Gecko) Chrome/45.0.2454.93 Safari/537.36"
73.48.251.82 - - [23/Sep/2015:22:33:05 +0000] "GET /favicon.ico HTTP/1.1" 200 302 "http://phillipsd.net/~bgreen5/index.html" "Mozilla/5.0 (Macintosh; Intel Mac OS X 10_10_5) AppleWebKit/537.36 (KHTML, like Gecko) Chrome/45.0.2454.93 Safari/537.36"
73.48.251.82 - - [23/Sep/2015:22:36:27 +0000] "GET /~bgreen5/index.html HTTP/1.1" 200 382 "-" "Mozilla/5.0 (Macintosh; Intel Mac OS X 10_10_5) AppleWebKit/537.36 (KHTML, like Gecko) Chrome/45.0.2454.93 Safari/537.36"
73.48.251.82 - - [23/Sep/2015:22:36:27 +0000] "GET /~bgreen5/stylesheet.css HTTP/1.1" 404 1132 "http://phillipsd.net/~bgreen5/index.html" "Mozilla/5.0 (Macintosh; Intel Mac OS X 10_10_5) AppleWebKit/537.36 (KHTML, like Gecko) Chrome/45.0.2454.93 Safari/537.36"
73.48.251.82 - - [23/Sep/2015:22:36:27 +0000] "GET /favicon.ico HTTP/1.1" 200 302 "http://phillipsd.net/~bgreen5/index.html" "Mozilla/5.0 (Macintosh; Intel Mac OS X 10_10_5) AppleWebKit/537.36 (KHTML, like Gecko) Chrome/45.0.2454.93 Safari/537.36"
73.48.251.82 - - [23/Sep/2015:22:36:30 +0000] "GET /~bgreen5/index.html HTTP/1.1" 304 - "-" "Mozilla/5.0 (Macintosh; Intel Mac OS X 10_10_5) AppleWebKit/537.36 (KHTML, like Gecko) Chrome/45.0.2454.93 Safari/537.36"
73.48.251.82 - - [23/Sep/2015:22:36:30 +0000] "GET /~bgreen5/stylesheet.css HTTP/1.1" 404 1132 "http://phillipsd.net/~bgreen5/index.html" "Mozilla/5.0 (Macintosh; Intel Mac OS X 10_10_5) AppleWebKit/537.36 (KHTML, like Gecko) Chrome/45.0.2454.93 Safari/537.36"
73.48.251.82 - - [23/Sep/2015:22:36:30 +0000] "GET /favicon.ico HTTP/1.1" 200 302 "http://phillipsd.net/~bgreen5/index.html" "Mozilla/5.0 (Macintosh; Intel Mac OS X 10_10_5) AppleWebKit/537.36 (KHTML, like Gecko) Chrome/45.0.2454.93 Safari/537.36"
198.189.14.66 - - [23/Sep/2015:22:37:36 +0000] "GET /~amarquez21/ HTTP/1.1" 304 - "-" "Mozilla/5.0 (Windows NT 6.3; WOW64; rv:40.0) Gecko/20100101 Firefox/40.0"
198.189.14.66 - - [23/Sep/2015:22:37:38 +0000] "GET /~amarquez21/Lab4.html HTTP/1.1" 304 - "http://phillipsd.net/~amarquez21/" "Mozilla/5.0 (Windows NT 6.3; WOW64; rv:40.0) Gecko/20100101 Firefox/40.0"
198.189.14.66 - - [23/Sep/2015:22:37:42 +0000] "GET /~amarquez21/Lab3.html HTTP/1.1" 200 2903 "http://phillipsd.net/~amarquez21/Lab4.html" "Mozilla/5.0 (Windows NT 6.3; WOW64; rv:40.0) Gecko/20100101 Firefox/40.0"
73.48.251.82 - - [23/Sep/2015:22:37:52 +0000] "GET /~bgreen5/index.html HTTP/1.1" 200 383 "-" "Mozilla/5.0 (Macintosh; Intel Mac OS X 10_10_5) AppleWebKit/537.36 (KHTML, like Gecko) Chrome/45.0.2454.93 Safari/537.36"
73.48.251.82 - - [23/Sep/2015:22:37:52 +0000] "GET /~bgreen5/stylesheet.css HTTP/1.1" 404 1132 "http://phillipsd.net/~bgreen5/index.html" "Mozilla/5.0 (Macintosh; Intel Mac OS X 10_10_5) AppleWebKit/537.36 (KHTML, like Gecko) Chrome/45.0.2454.93 Safari/537.36"
73.48.251.82 - - [23/Sep/2015:22:37:52 +0000] "GET /favicon.ico HTTP/1.1" 200 302 "http://phillipsd.net/~bgreen5/index.html" "Mozilla/5.0 (Macintosh; Intel Mac OS X 10_10_5) AppleWebKit/537.36 (KHTML, like Gecko) Chrome/45.0.2454.93 Safari/537.36"
73.48.251.82 - - [23/Sep/2015:22:37:56 +0000] "GET /~bgreen5/index.html HTTP/1.1" 304 - "-" "Mozilla/5.0 (Macintosh; Intel Mac OS X 10_10_5) AppleWebKit/537.36 (KHTML, like Gecko) Chrome/45.0.2454.93 Safari/537.36"
73.48.251.82 - - [23/Sep/2015:22:37:56 +0000] "GET /~bgreen5/stylesheet.css HTTP/1.1" 404 1132 "http://phillipsd.net/~bgreen5/index.html" "Mozilla/5.0 (Macintosh; Intel Mac OS X 10_10_5) AppleWebKit/537.36 (KHTML, like Gecko) Chrome/45.0.2454.93 Safari/537.36"
73.48.251.82 - - [23/Sep/2015:22:37:56 +0000] "GET /favicon.ico HTTP/1.1" 200 302 "http://phillipsd.net/~bgreen5/index.html" "Mozilla/5.0 (Macintosh; Intel Mac OS X 10_10_5) AppleWebKit/537.36 (KHTML, like Gecko) Chrome/45.0.2454.93 Safari/537.36"
198.189.14.66 - - [23/Sep/2015:22:37:56 +0000] "GET /~amarquez21/Lab2.html HTTP/1.1" 200 3902 "http://phillipsd.net/~amarquez21/Lab3.html" "Mozilla/5.0 (Windows NT 6.3; WOW64; rv:40.0) Gecko/20100101 Firefox/40.0"
73.48.251.82 - - [23/Sep/2015:22:41:54 +0000] "GET /~bgreen5/index.html HTTP/1.1" 200 360 "-" "Mozilla/5.0 (Macintosh; Intel Mac OS X 10_10_5) AppleWebKit/537.36 (KHTML, like Gecko) Chrome/45.0.2454.93 Safari/537.36"
73.48.251.82 - - [23/Sep/2015:22:41:54 +0000] "GET /~bgreen5/stylesheet.css HTTP/1.1" 404 1132 "http://phillipsd.net/~bgreen5/index.html" "Mozilla/5.0 (Macintosh; Intel Mac OS X 10_10_5) AppleWebKit/537.36 (KHTML, like Gecko) Chrome/45.0.2454.93 Safari/537.36"
73.48.251.82 - - [23/Sep/2015:22:41:54 +0000] "GET /favicon.ico HTTP/1.1" 200 302 "http://phillipsd.net/~bgreen5/index.html" "Mozilla/5.0 (Macintosh; Intel Mac OS X 10_10_5) AppleWebKit/537.36 (KHTML, like Gecko) Chrome/45.0.2454.93 Safari/537.36"
73.48.251.82 - - [23/Sep/2015:22:41:56 +0000] "GET /~bgreen5/index.html HTTP/1.1" 304 - "-" "Mozilla/5.0 (Macintosh; Intel Mac OS X 10_10_5) AppleWebKit/537.36 (KHTML, like Gecko) Chrome/45.0.2454.93 Safari/537.36"
73.48.251.82 - - [23/Sep/2015:22:41:56 +0000] "GET /~bgreen5/stylesheet.css HTTP/1.1" 404 1132 "http://phillipsd.net/~bgreen5/index.html" "Mozilla/5.0 (Macintosh; Intel Mac OS X 10_10_5) AppleWebKit/537.36 (KHTML, like Gecko) Chrome/45.0.2454.93 Safari/537.36"
73.48.251.82 - - [23/Sep/2015:22:41:56 +0000] "GET /favicon.ico HTTP/1.1" 200 302 "http://phillipsd.net/~bgreen5/index.html" "Mozilla/5.0 (Macintosh; Intel Mac OS X 10_10_5) AppleWebKit/537.36 (KHTML, like Gecko) Chrome/45.0.2454.93 Safari/537.36"
73.48.251.82 - - [23/Sep/2015:22:46:49 +0000] "GET /~bgreen5/index.html HTTP/1.1" 200 359 "-" "Mozilla/5.0 (Macintosh; Intel Mac OS X 10_10_5) AppleWebKit/537.36 (KHTML, like Gecko) Chrome/45.0.2454.93 Safari/537.36"
73.48.251.82 - - [23/Sep/2015:22:46:49 +0000] "GET /~bgreen5/stylesheet.css HTTP/1.1" 404 1132 "http://phillipsd.net/~bgreen5/index.html" "Mozilla/5.0 (Macintosh; Intel Mac OS X 10_10_5) AppleWebKit/537.36 (KHTML, like Gecko) Chrome/45.0.2454.93 Safari/537.36"
73.48.251.82 - - [23/Sep/2015:22:46:49 +0000] "GET /favicon.ico HTTP/1.1" 200 302 "http://phillipsd.net/~bgreen5/index.html" "Mozilla/5.0 (Macintosh; Intel Mac OS X 10_10_5) AppleWebKit/537.36 (KHTML, like Gecko) Chrome/45.0.2454.93 Safari/537.36"
73.48.251.82 - - [23/Sep/2015:22:46:52 +0000] "GET /~bgreen5/index.html HTTP/1.1" 304 - "-" "Mozilla/5.0 (Macintosh; Intel Mac OS X 10_10_5) AppleWebKit/537.36 (KHTML, like Gecko) Chrome/45.0.2454.93 Safari/537.36"
73.48.251.82 - - [23/Sep/2015:22:46:52 +0000] "GET /~bgreen5/stylesheet.css HTTP/1.1" 404 1132 "http://phillipsd.net/~bgreen5/index.html" "Mozilla/5.0 (Macintosh; Intel Mac OS X 10_10_5) AppleWebKit/537.36 (KHTML, like Gecko) Chrome/45.0.2454.93 Safari/537.36"
73.48.251.82 - - [23/Sep/2015:22:46:52 +0000] "GET /favicon.ico HTTP/1.1" 200 302 "http://phillipsd.net/~bgreen5/index.html" "Mozilla/5.0 (Macintosh; Intel Mac OS X 10_10_5) AppleWebKit/537.36 (KHTML, like Gecko) Chrome/45.0.2454.93 Safari/537.36"
73.48.251.82 - - [23/Sep/2015:22:50:19 +0000] "GET /~bgreen5/index.html HTTP/1.1" 200 361 "-" "Mozilla/5.0 (Macintosh; Intel Mac OS X 10_10_5) AppleWebKit/537.36 (KHTML, like Gecko) Chrome/45.0.2454.93 Safari/537.36"
73.48.251.82 - - [23/Sep/2015:22:50:19 +0000] "GET /~bgreen5/stylesheet.css HTTP/1.1" 404 1132 "http://phillipsd.net/~bgreen5/index.html" "Mozilla/5.0 (Macintosh; Intel Mac OS X 10_10_5) AppleWebKit/537.36 (KHTML, like Gecko) Chrome/45.0.2454.93 Safari/537.36"
73.48.251.82 - - [23/Sep/2015:22:50:19 +0000] "GET /favicon.ico HTTP/1.1" 200 302 "http://phillipsd.net/~bgreen5/index.html" "Mozilla/5.0 (Macintosh; Intel Mac OS X 10_10_5) AppleWebKit/537.36 (KHTML, like Gecko) Chrome/45.0.2454.93 Safari/537.36"
73.48.251.82 - - [23/Sep/2015:22:50:21 +0000] "GET /~bgreen5/index.html HTTP/1.1" 304 - "-" "Mozilla/5.0 (Macintosh; Intel Mac OS X 10_10_5) AppleWebKit/537.36 (KHTML, like Gecko) Chrome/45.0.2454.93 Safari/537.36"
73.48.251.82 - - [23/Sep/2015:22:50:21 +0000] "GET /~bgreen5/stylesheet.css HTTP/1.1" 404 1132 "http://phillipsd.net/~bgreen5/index.html" "Mozilla/5.0 (Macintosh; Intel Mac OS X 10_10_5) AppleWebKit/537.36 (KHTML, like Gecko) Chrome/45.0.2454.93 Safari/537.36"
73.48.251.82 - - [23/Sep/2015:22:50:21 +0000] "GET /favicon.ico HTTP/1.1" 200 302 "http://phillipsd.net/~bgreen5/index.html" "Mozilla/5.0 (Macintosh; Intel Mac OS X 10_10_5) AppleWebKit/537.36 (KHTML, like Gecko) Chrome/45.0.2454.93 Safari/537.36"
73.48.251.82 - - [23/Sep/2015:23:04:57 +0000] "GET /~bgreen5/index.html HTTP/1.1" 200 362 "-" "Mozilla/5.0 (Macintosh; Intel Mac OS X 10_10_5) AppleWebKit/537.36 (KHTML, like Gecko) Chrome/45.0.2454.93 Safari/537.36"
73.48.251.82 - - [23/Sep/2015:23:04:57 +0000] "GET /~bgreen5/stylesheet.css HTTP/1.1" 404 1132 "http://phillipsd.net/~bgreen5/index.html" "Mozilla/5.0 (Macintosh; Intel Mac OS X 10_10_5) AppleWebKit/537.36 (KHTML, like Gecko) Chrome/45.0.2454.93 Safari/537.36"
73.48.251.82 - - [23/Sep/2015:23:04:57 +0000] "GET /favicon.ico HTTP/1.1" 200 302 "http://phillipsd.net/~bgreen5/index.html" "Mozilla/5.0 (Macintosh; Intel Mac OS X 10_10_5) AppleWebKit/537.36 (KHTML, like Gecko) Chrome/45.0.2454.93 Safari/537.36"
73.48.251.82 - - [23/Sep/2015:23:14:50 +0000] "GET /~bgreen5/index.html HTTP/1.1" 304 - "-" "Mozilla/5.0 (Macintosh; Intel Mac OS X 10_10_5) AppleWebKit/537.36 (KHTML, like Gecko) Chrome/45.0.2454.93 Safari/537.36"
73.48.251.82 - - [23/Sep/2015:23:14:50 +0000] "GET /~bgreen5/stylesheet.css HTTP/1.1" 404 1132 "http://phillipsd.net/~bgreen5/index.html" "Mozilla/5.0 (Macintosh; Intel Mac OS X 10_10_5) AppleWebKit/537.36 (KHTML, like Gecko) Chrome/45.0.2454.93 Safari/537.36"
73.48.251.82 - - [23/Sep/2015:23:14:50 +0000] "GET /favicon.ico HTTP/1.1" 200 302 "http://phillipsd.net/~bgreen5/index.html" "Mozilla/5.0 (Macintosh; Intel Mac OS X 10_10_5) AppleWebKit/537.36 (KHTML, like Gecko) Chrome/45.0.2454.93 Safari/537.36"
73.48.251.82 - - [23/Sep/2015:23:19:28 +0000] "GET /~bgreen5/index.html HTTP/1.1" 200 376 "-" "Mozilla/5.0 (Macintosh; Intel Mac OS X 10_10_5) AppleWebKit/537.36 (KHTML, like Gecko) Chrome/45.0.2454.93 Safari/537.36"
73.48.251.82 - - [23/Sep/2015:23:19:28 +0000] "GET /~bgreen5/stylesheet.css HTTP/1.1" 404 1132 "http://phillipsd.net/~bgreen5/index.html" "Mozilla/5.0 (Macintosh; Intel Mac OS X 10_10_5) AppleWebKit/537.36 (KHTML, like Gecko) Chrome/45.0.2454.93 Safari/537.36"
73.48.251.82 - - [23/Sep/2015:23:19:29 +0000] "GET /favicon.ico HTTP/1.1" 200 302 "http://phillipsd.net/~bgreen5/index.html" "Mozilla/5.0 (Macintosh; Intel Mac OS X 10_10_5) AppleWebKit/537.36 (KHTML, like Gecko) Chrome/45.0.2454.93 Safari/537.36"
107.0.78.253 - - [23/Sep/2015:23:20:09 +0000] "GET /~bgreen5/index.html HTTP/1.1" 200 376 "-" "Mozilla/5.0 (Windows NT 6.3; WOW64) AppleWebKit/537.36 (KHTML, like Gecko) Chrome/45.0.2454.93 Safari/537.36"
107.0.78.253 - - [23/Sep/2015:23:20:09 +0000] "GET /~bgreen5/stylesheet.css HTTP/1.1" 404 1132 "http://phillipsd.net/~bgreen5/index.html" "Mozilla/5.0 (Windows NT 6.3; WOW64) AppleWebKit/537.36 (KHTML, like Gecko) Chrome/45.0.2454.93 Safari/537.36"
107.0.78.253 - - [23/Sep/2015:23:20:09 +0000] "GET /favicon.ico HTTP/1.1" 200 302 "http://phillipsd.net/~bgreen5/index.html" "Mozilla/5.0 (Windows NT 6.3; WOW64) AppleWebKit/537.36 (KHTML, like Gecko) Chrome/45.0.2454.93 Safari/537.36"
73.48.251.82 - - [23/Sep/2015:23:20:18 +0000] "GET /~bgreen5/index.html HTTP/1.1" 200 376 "http://www.google.com/url?q=http%3A%2F%2Fphillipsd.net%2F~bgreen5%2Findex.html&sa=D&sntz=1&usg=AFQjCNHPy9IQ9d78i69xPVvJfcc7VYA0Rw" "Mozilla/5.0 (Macintosh; Intel Mac OS X 10.10; rv:40.0) Gecko/20100101 Firefox/40.0"
73.48.251.82 - - [23/Sep/2015:23:20:18 +0000] "GET /~bgreen5/stylesheet.css HTTP/1.1" 404 1132 "http://phillipsd.net/~bgreen5/index.html" "Mozilla/5.0 (Macintosh; Intel Mac OS X 10.10; rv:40.0) Gecko/20100101 Firefox/40.0"
73.48.251.82 - - [23/Sep/2015:23:20:18 +0000] "GET /favicon.ico HTTP/1.1" 200 302 "-" "Mozilla/5.0 (Macintosh; Intel Mac OS X 10.10; rv:40.0) Gecko/20100101 Firefox/40.0"
107.0.78.253 - - [23/Sep/2015:23:20:23 +0000] "GET / HTTP/1.1" 200 5799 "-" "Mozilla/5.0 (Windows NT 6.3; WOW64) AppleWebKit/537.36 (KHTML, like Gecko) Chrome/45.0.2454.93 Safari/537.36"
107.0.78.253 - - [23/Sep/2015:23:20:23 +0000] "GET /history/history.css HTTP/1.1" 404 1094 "http://phillipsd.net/" "Mozilla/5.0 (Windows NT 6.3; WOW64) AppleWebKit/537.36 (KHTML, like Gecko) Chrome/45.0.2454.93 Safari/537.36"
107.0.78.253 - - [23/Sep/2015:23:20:23 +0000] "GET /history/history.js HTTP/1.1" 404 1094 "http://phillipsd.net/" "Mozilla/5.0 (Windows NT 6.3; WOW64) AppleWebKit/537.36 (KHTML, like Gecko) Chrome/45.0.2454.93 Safari/537.36"
107.0.78.253 - - [23/Sep/2015:23:20:23 +0000] "GET /swfobject.js HTTP/1.1" 200 25574 "http://phillipsd.net/" "Mozilla/5.0 (Windows NT 6.3; WOW64) AppleWebKit/537.36 (KHTML, like Gecko) Chrome/45.0.2454.93 Safari/537.36"
107.0.78.253 - - [23/Sep/2015:23:20:24 +0000] "GET /textLayout_1.0.0.595.swz HTTP/1.1" 200 156308 "http://phillipsd.net/" "Mozilla/5.0 (Windows NT 6.3; WOW64) AppleWebKit/537.36 (KHTML, like Gecko) Chrome/45.0.2454.93 Safari/537.36"
107.0.78.253 - - [23/Sep/2015:23:20:23 +0000] "GET /Main.swf HTTP/1.1" 200 1911987 "http://phillipsd.net/" "Mozilla/5.0 (Windows NT 6.3; WOW64) AppleWebKit/537.36 (KHTML, like Gecko) Chrome/45.0.2454.93 Safari/537.36"
107.0.78.253 - - [23/Sep/2015:23:20:24 +0000] "GET /framework_4.0.0.14159.swz HTTP/1.1" 200 621999 "http://phillipsd.net/" "Mozilla/5.0 (Windows NT 6.3; WOW64) AppleWebKit/537.36 (KHTML, like Gecko) Chrome/45.0.2454.93 Safari/537.36"
107.0.78.253 - - [23/Sep/2015:23:20:25 +0000] "GET /osmf_flex.4.0.0.13495.swz HTTP/1.1" 200 98047 "http://phillipsd.net/" "Mozilla/5.0 (Windows NT 6.3; WOW64) AppleWebKit/537.36 (KHTML, like Gecko) Chrome/45.0.2454.93 Safari/537.36"
107.0.78.253 - - [23/Sep/2015:23:20:25 +0000] "GET /rpc_4.0.0.14159.swz HTTP/1.1" 200 131911 "http://phillipsd.net/" "Mozilla/5.0 (Windows NT 6.3; WOW64) AppleWebKit/537.36 (KHTML, like Gecko) Chrome/45.0.2454.93 Safari/537.36"
107.0.78.253 - - [23/Sep/2015:23:20:25 +0000] "GET /spark_4.0.0.14159.swz HTTP/1.1" 200 317992 "http://phillipsd.net/" "Mozilla/5.0 (Windows NT 6.3; WOW64) AppleWebKit/537.36 (KHTML, like Gecko) Chrome/45.0.2454.93 Safari/537.36"
107.0.78.253 - - [23/Sep/2015:23:20:26 +0000] "GET /sparkskins_4.0.0.14159.swz HTTP/1.1" 200 54494 "http://phillipsd.net/" "Mozilla/5.0 (Windows NT 6.3; WOW64) AppleWebKit/537.36 (KHTML, like Gecko) Chrome/45.0.2454.93 Safari/537.36"
73.48.251.82 - - [23/Sep/2015:23:24:02 +0000] "GET /~bgreen5/index.html HTTP/1.1" 200 376 "-" "Mozilla/5.0 (Macintosh; Intel Mac OS X 10.10; rv:40.0) Gecko/20100101 Firefox/40.0"
73.48.251.82 - - [23/Sep/2015:23:29:49 +0000] "GET /~bgreen5/index.html HTTP/1.1" 200 370 "http://www.google.com/url?q=http%3A%2F%2Fphillipsd.net%2F~bgreen5%2Findex.html&sa=D&sntz=1&usg=AFQjCNHPy9IQ9d78i69xPVvJfcc7VYA0Rw" "Mozilla/5.0 (Macintosh; Intel Mac OS X 10.10; rv:40.0) Gecko/20100101 Firefox/40.0"
73.48.251.82 - - [23/Sep/2015:23:29:49 +0000] "GET /~bgreen5/stylesheet.css HTTP/1.1" 404 1132 "http://phillipsd.net/~bgreen5/index.html" "Mozilla/5.0 (Macintosh; Intel Mac OS X 10.10; rv:40.0) Gecko/20100101 Firefox/40.0"
73.48.251.82 - - [23/Sep/2015:23:29:55 +0000] "GET /~bgreen5/index.html HTTP/1.1" 304 - "http://www.google.com/url?q=http%3A%2F%2Fphillipsd.net%2F~bgreen5%2Findex.html&sa=D&sntz=1&usg=AFQjCNHPy9IQ9d78i69xPVvJfcc7VYA0Rw" "Mozilla/5.0 (Macintosh; Intel Mac OS X 10.10; rv:40.0) Gecko/20100101 Firefox/40.0"
73.48.251.82 - - [23/Sep/2015:23:29:56 +0000] "GET /~bgreen5/stylesheet.css HTTP/1.1" 404 1132 "http://phillipsd.net/~bgreen5/index.html" "Mozilla/5.0 (Macintosh; Intel Mac OS X 10.10; rv:40.0) Gecko/20100101 Firefox/40.0"
107.0.78.253 - - [23/Sep/2015:23:32:49 +0000] "GET /~bgreen5/index.html HTTP/1.1" 200 370 "-" "Mozilla/5.0 (Windows NT 6.3; WOW64) AppleWebKit/537.36 (KHTML, like Gecko) Chrome/45.0.2454.93 Safari/537.36"
107.0.78.253 - - [23/Sep/2015:23:32:49 +0000] "GET /~bgreen5/stylesheet.css HTTP/1.1" 404 1132 "http://phillipsd.net/~bgreen5/index.html" "Mozilla/5.0 (Windows NT 6.3; WOW64) AppleWebKit/537.36 (KHTML, like Gecko) Chrome/45.0.2454.93 Safari/537.36"
107.0.78.253 - - [23/Sep/2015:23:35:19 +0000] "GET /~bgreen5/index.html HTTP/1.1" 304 - "-" "Mozilla/5.0 (Windows NT 6.3; WOW64) AppleWebKit/537.36 (KHTML, like Gecko) Chrome/45.0.2454.93 Safari/537.36"
107.0.78.253 - - [23/Sep/2015:23:35:19 +0000] "GET /favicon.ico HTTP/1.1" 200 302 "http://phillipsd.net/~bgreen5/index.html" "Mozilla/5.0 (Windows NT 6.3; WOW64) AppleWebKit/537.36 (KHTML, like Gecko) Chrome/45.0.2454.93 Safari/537.36"
107.0.78.253 - - [23/Sep/2015:23:35:20 +0000] "GET /~bgreen5/index.html HTTP/1.1" 304 - "-" "Mozilla/5.0 (Windows NT 6.3; WOW64) AppleWebKit/537.36 (KHTML, like Gecko) Chrome/45.0.2454.93 Safari/537.36"
107.0.78.253 - - [23/Sep/2015:23:35:20 +0000] "GET /favicon.ico HTTP/1.1" 200 302 "http://phillipsd.net/~bgreen5/index.html" "Mozilla/5.0 (Windows NT 6.3; WOW64) AppleWebKit/537.36 (KHTML, like Gecko) Chrome/45.0.2454.93 Safari/537.36"
73.48.251.82 - - [23/Sep/2015:23:36:15 +0000] "GET /~bgreen5/index.html HTTP/1.1" 200 376 "http://www.google.com/url?q=http%3A%2F%2Fphillipsd.net%2F~bgreen5%2Findex.html&sa=D&sntz=1&usg=AFQjCNHPy9IQ9d78i69xPVvJfcc7VYA0Rw" "Mozilla/5.0 (Macintosh; Intel Mac OS X 10.10; rv:40.0) Gecko/20100101 Firefox/40.0"
73.48.251.82 - - [23/Sep/2015:23:36:15 +0000] "GET /~bgreen5/stylesheet.css HTTP/1.1" 404 1132 "http://phillipsd.net/~bgreen5/index.html" "Mozilla/5.0 (Macintosh; Intel Mac OS X 10.10; rv:40.0) Gecko/20100101 Firefox/40.0"
73.48.251.82 - - [23/Sep/2015:23:36:17 +0000] "GET /~bgreen5/index.html HTTP/1.1" 304 - "http://www.google.com/url?q=http%3A%2F%2Fphillipsd.net%2F~bgreen5%2Findex.html&sa=D&sntz=1&usg=AFQjCNHPy9IQ9d78i69xPVvJfcc7VYA0Rw" "Mozilla/5.0 (Macintosh; Intel Mac OS X 10.10; rv:40.0) Gecko/20100101 Firefox/40.0"
73.48.251.82 - - [23/Sep/2015:23:36:17 +0000] "GET /~bgreen5/stylesheet.css HTTP/1.1" 404 1132 "http://phillipsd.net/~bgreen5/index.html" "Mozilla/5.0 (Macintosh; Intel Mac OS X 10.10; rv:40.0) Gecko/20100101 Firefox/40.0"
73.48.251.82 - - [23/Sep/2015:23:36:18 +0000] "GET /~bgreen5/index.html HTTP/1.1" 304 - "http://www.google.com/url?q=http%3A%2F%2Fphillipsd.net%2F~bgreen5%2Findex.html&sa=D&sntz=1&usg=AFQjCNHPy9IQ9d78i69xPVvJfcc7VYA0Rw" "Mozilla/5.0 (Macintosh; Intel Mac OS X 10.10; rv:40.0) Gecko/20100101 Firefox/40.0"
73.48.251.82 - - [23/Sep/2015:23:36:18 +0000] "GET /~bgreen5/stylesheet.css HTTP/1.1" 404 1132 "http://phillipsd.net/~bgreen5/index.html" "Mozilla/5.0 (Macintosh; Intel Mac OS X 10.10; rv:40.0) Gecko/20100101 Firefox/40.0"
73.48.251.82 - - [23/Sep/2015:23:37:19 +0000] "GET /~bgreen5/index.html HTTP/1.1" 304 - "http://www.google.com/url?q=http%3A%2F%2Fphillipsd.net%2F~bgreen5%2Findex.html&sa=D&sntz=1&usg=AFQjCNHPy9IQ9d78i69xPVvJfcc7VYA0Rw" "Mozilla/5.0 (Macintosh; Intel Mac OS X 10.10; rv:40.0) Gecko/20100101 Firefox/40.0"
73.48.251.82 - - [23/Sep/2015:23:37:19 +0000] "GET /~bgreen5/stylesheet.css HTTP/1.1" 404 1132 "http://phillipsd.net/~bgreen5/index.html" "Mozilla/5.0 (Macintosh; Intel Mac OS X 10.10; rv:40.0) Gecko/20100101 Firefox/40.0"
198.189.14.2 - - [23/Sep/2015:23:38:23 +0000] "GET /~mluchini HTTP/1.1" 301 243 "-" "Mozilla/5.0 (X11; Ubuntu; Linux x86_64; rv:40.0) Gecko/20100101 Firefox/40.0"
198.189.14.2 - - [23/Sep/2015:23:38:23 +0000] "GET /~mluchini/ HTTP/1.1" 200 1027 "-" "Mozilla/5.0 (X11; Ubuntu; Linux x86_64; rv:40.0) Gecko/20100101 Firefox/40.0"
198.189.14.2 - - [23/Sep/2015:23:38:24 +0000] "GET /favicon.ico HTTP/1.1" 200 302 "-" "Mozilla/5.0 (X11; Ubuntu; Linux x86_64; rv:40.0) Gecko/20100101 Firefox/40.0"
73.48.251.82 - - [23/Sep/2015:23:39:17 +0000] "GET /~bgreen5/index.html HTTP/1.1" 304 - "http://www.google.com/url?q=http%3A%2F%2Fphillipsd.net%2F~bgreen5%2Findex.html&sa=D&sntz=1&usg=AFQjCNHPy9IQ9d78i69xPVvJfcc7VYA0Rw" "Mozilla/5.0 (Macintosh; Intel Mac OS X 10.10; rv:40.0) Gecko/20100101 Firefox/40.0"
73.48.251.82 - - [23/Sep/2015:23:39:17 +0000] "GET /~bgreen5/stylesheet.css HTTP/1.1" 404 1132 "http://phillipsd.net/~bgreen5/index.html" "Mozilla/5.0 (Macintosh; Intel Mac OS X 10.10; rv:40.0) Gecko/20100101 Firefox/40.0"
73.48.251.82 - - [23/Sep/2015:23:39:24 +0000] "GET /~bgreen5/index.html HTTP/1.1" 200 376 "-" "Mozilla/5.0 (Macintosh; Intel Mac OS X 10_10_5) AppleWebKit/537.36 (KHTML, like Gecko) Chrome/45.0.2454.93 Safari/537.36"
73.48.251.82 - - [23/Sep/2015:23:39:24 +0000] "GET /~bgreen5/stylesheet.css HTTP/1.1" 404 1132 "http://phillipsd.net/~bgreen5/index.html" "Mozilla/5.0 (Macintosh; Intel Mac OS X 10_10_5) AppleWebKit/537.36 (KHTML, like Gecko) Chrome/45.0.2454.93 Safari/537.36"
73.48.251.82 - - [23/Sep/2015:23:39:27 +0000] "GET /~bgreen5/index.html HTTP/1.1" 304 - "-" "Mozilla/5.0 (Macintosh; Intel Mac OS X 10_10_5) AppleWebKit/537.36 (KHTML, like Gecko) Chrome/45.0.2454.93 Safari/537.36"
73.48.251.82 - - [23/Sep/2015:23:39:27 +0000] "GET /~bgreen5/stylesheet.css HTTP/1.1" 404 1132 "http://phillipsd.net/~bgreen5/index.html" "Mozilla/5.0 (Macintosh; Intel Mac OS X 10_10_5) AppleWebKit/537.36 (KHTML, like Gecko) Chrome/45.0.2454.93 Safari/537.36"
73.48.251.82 - - [23/Sep/2015:23:39:27 +0000] "GET /favicon.ico HTTP/1.1" 200 302 "http://phillipsd.net/~bgreen5/index.html" "Mozilla/5.0 (Macintosh; Intel Mac OS X 10_10_5) AppleWebKit/537.36 (KHTML, like Gecko) Chrome/45.0.2454.93 Safari/537.36"
198.189.14.2 - - [23/Sep/2015:23:41:21 +0000] "GET /~mluchini/ HTTP/1.1" 200 1032 "-" "Mozilla/5.0 (X11; Ubuntu; Linux x86_64; rv:40.0) Gecko/20100101 Firefox/40.0"
198.189.14.2 - - [23/Sep/2015:23:42:32 +0000] "GET /~mluchini/ HTTP/1.1" 200 1034 "-" "Mozilla/5.0 (X11; Ubuntu; Linux x86_64; rv:40.0) Gecko/20100101 Firefox/40.0"
73.48.251.82 - - [23/Sep/2015:23:43:12 +0000] "GET /~bgreen5/index.html HTTP/1.1" 304 - "-" "Mozilla/5.0 (Macintosh; Intel Mac OS X 10_10_5) AppleWebKit/537.36 (KHTML, like Gecko) Chrome/45.0.2454.93 Safari/537.36"
73.48.251.82 - - [23/Sep/2015:23:43:13 +0000] "GET /~bgreen5/stylesheet.css HTTP/1.1" 404 1132 "http://phillipsd.net/~bgreen5/index.html" "Mozilla/5.0 (Macintosh; Intel Mac OS X 10_10_5) AppleWebKit/537.36 (KHTML, like Gecko) Chrome/45.0.2454.93 Safari/537.36"
73.48.251.82 - - [23/Sep/2015:23:43:13 +0000] "GET /favicon.ico HTTP/1.1" 200 302 "http://phillipsd.net/~bgreen5/index.html" "Mozilla/5.0 (Macintosh; Intel Mac OS X 10_10_5) AppleWebKit/537.36 (KHTML, like Gecko) Chrome/45.0.2454.93 Safari/537.36"
198.8.80.162 - - [23/Sep/2015:23:43:30 +0000] "GET /~bgreen5/index.html HTTP/1.1" 200 376 "http://www.google.com/url?q=http%3A%2F%2Fphillipsd.net%2F~bgreen5%2Findex.html&sa=D&sntz=1&usg=AFQjCNHPy9IQ9d78i69xPVvJfcc7VYA0Rw" "Mozilla/5.0 (Macintosh; Intel Mac OS X 10_10_5) AppleWebKit/537.36 (KHTML, like Gecko) Chrome/45.0.2454.93 Safari/537.36"
198.8.80.162 - - [23/Sep/2015:23:43:30 +0000] "GET /~bgreen5/stylesheet.css HTTP/1.1" 404 1132 "http://phillipsd.net/~bgreen5/index.html" "Mozilla/5.0 (Macintosh; Intel Mac OS X 10_10_5) AppleWebKit/537.36 (KHTML, like Gecko) Chrome/45.0.2454.93 Safari/537.36"
198.8.80.162 - - [23/Sep/2015:23:43:30 +0000] "GET /favicon.ico HTTP/1.1" 200 302 "http://phillipsd.net/~bgreen5/index.html" "Mozilla/5.0 (Macintosh; Intel Mac OS X 10_10_5) AppleWebKit/537.36 (KHTML, like Gecko) Chrome/45.0.2454.93 Safari/537.36"
198.8.80.162 - - [23/Sep/2015:23:43:34 +0000] "GET /~bgreen5/stylesheet.css HTTP/1.1" 404 1132 "http://phillipsd.net/~bgreen5/index.html" "Mozilla/5.0 (Macintosh; Intel Mac OS X 10_10_5) AppleWebKit/537.36 (KHTML, like Gecko) Chrome/45.0.2454.93 Safari/537.36"
198.189.14.2 - - [23/Sep/2015:23:44:29 +0000] "GET /~mluchini/ HTTP/1.1" 200 1036 "-" "Mozilla/5.0 (X11; Ubuntu; Linux x86_64; rv:40.0) Gecko/20100101 Firefox/40.0"
198.8.80.162 - - [23/Sep/2015:23:44:38 +0000] "GET /~bgreen5/index.html HTTP/1.1" 200 376 "http://www.google.com/url?q=http%3A%2F%2Fphillipsd.net%2F~bgreen5%2Findex.html&sa=D&sntz=1&usg=AFQjCNHPy9IQ9d78i69xPVvJfcc7VYA0Rw" "Mozilla/5.0 (Macintosh; Intel Mac OS X 10_10_5) AppleWebKit/537.36 (KHTML, like Gecko) Chrome/45.0.2454.93 Safari/537.36"
198.8.80.162 - - [23/Sep/2015:23:44:38 +0000] "GET /~bgreen5/stylesheet.css HTTP/1.1" 404 1132 "http://phillipsd.net/~bgreen5/index.html" "Mozilla/5.0 (Macintosh; Intel Mac OS X 10_10_5) AppleWebKit/537.36 (KHTML, like Gecko) Chrome/45.0.2454.93 Safari/537.36"
198.8.80.162 - - [23/Sep/2015:23:44:41 +0000] "GET /favicon.ico HTTP/1.1" 200 302 "http://phillipsd.net/~bgreen5/index.html" "Mozilla/5.0 (Macintosh; Intel Mac OS X 10_10_5) AppleWebKit/537.36 (KHTML, like Gecko) Chrome/45.0.2454.93 Safari/537.36"
73.48.251.82 - - [23/Sep/2015:23:44:59 +0000] "GET /~bgreen5/index.html HTTP/1.1" 304 - "-" "Mozilla/5.0 (Macintosh; Intel Mac OS X 10_10_5) AppleWebKit/537.36 (KHTML, like Gecko) Chrome/45.0.2454.93 Safari/537.36"
73.48.251.82 - - [23/Sep/2015:23:44:59 +0000] "GET /~bgreen5/stylesheet.css HTTP/1.1" 404 1132 "http://phillipsd.net/~bgreen5/index.html" "Mozilla/5.0 (Macintosh; Intel Mac OS X 10_10_5) AppleWebKit/537.36 (KHTML, like Gecko) Chrome/45.0.2454.93 Safari/537.36"
73.48.251.82 - - [23/Sep/2015:23:44:59 +0000] "GET /favicon.ico HTTP/1.1" 200 302 "http://phillipsd.net/~bgreen5/index.html" "Mozilla/5.0 (Macintosh; Intel Mac OS X 10_10_5) AppleWebKit/537.36 (KHTML, like Gecko) Chrome/45.0.2454.93 Safari/537.36"
73.48.251.82 - - [23/Sep/2015:23:46:12 +0000] "GET /~bgreen5/index.html HTTP/1.1" 200 377 "-" "Mozilla/5.0 (Macintosh; Intel Mac OS X 10_10_5) AppleWebKit/537.36 (KHTML, like Gecko) Chrome/45.0.2454.93 Safari/537.36"
73.48.251.82 - - [23/Sep/2015:23:46:12 +0000] "GET /~bgreen5/stylesheet.css HTTP/1.1" 404 1132 "http://phillipsd.net/~bgreen5/index.html" "Mozilla/5.0 (Macintosh; Intel Mac OS X 10_10_5) AppleWebKit/537.36 (KHTML, like Gecko) Chrome/45.0.2454.93 Safari/537.36"
73.48.251.82 - - [23/Sep/2015:23:46:12 +0000] "GET /favicon.ico HTTP/1.1" 200 302 "http://phillipsd.net/~bgreen5/index.html" "Mozilla/5.0 (Macintosh; Intel Mac OS X 10_10_5) AppleWebKit/537.36 (KHTML, like Gecko) Chrome/45.0.2454.93 Safari/537.36"
198.8.80.162 - - [23/Sep/2015:23:46:24 +0000] "GET / HTTP/1.1" 200 5799 "-" "Mozilla/5.0 (Macintosh; Intel Mac OS X 10_10_5) AppleWebKit/537.36 (KHTML, like Gecko) Chrome/45.0.2454.93 Safari/537.36"
198.8.80.162 - - [23/Sep/2015:23:46:24 +0000] "GET /history/history.css HTTP/1.1" 404 1094 "http://phillipsd.net/" "Mozilla/5.0 (Macintosh; Intel Mac OS X 10_10_5) AppleWebKit/537.36 (KHTML, like Gecko) Chrome/45.0.2454.93 Safari/537.36"
198.8.80.162 - - [23/Sep/2015:23:46:24 +0000] "GET /history/history.js HTTP/1.1" 404 1094 "http://phillipsd.net/" "Mozilla/5.0 (Macintosh; Intel Mac OS X 10_10_5) AppleWebKit/537.36 (KHTML, like Gecko) Chrome/45.0.2454.93 Safari/537.36"
198.8.80.162 - - [23/Sep/2015:23:46:24 +0000] "GET /swfobject.js HTTP/1.1" 200 25574 "http://phillipsd.net/" "Mozilla/5.0 (Macintosh; Intel Mac OS X 10_10_5) AppleWebKit/537.36 (KHTML, like Gecko) Chrome/45.0.2454.93 Safari/537.36"
198.8.80.162 - - [23/Sep/2015:23:46:27 +0000] "GET /favicon.ico HTTP/1.1" 200 302 "http://phillipsd.net/" "Mozilla/5.0 (Macintosh; Intel Mac OS X 10_10_5) AppleWebKit/537.36 (KHTML, like Gecko) Chrome/45.0.2454.93 Safari/537.36"
198.8.80.162 - - [23/Sep/2015:23:46:24 +0000] "GET /Main.swf HTTP/1.1" 200 1911987 "http://phillipsd.net/" "Mozilla/5.0 (Macintosh; Intel Mac OS X 10_10_5) AppleWebKit/537.36 (KHTML, like Gecko) Chrome/45.0.2454.93 Safari/537.36"
73.48.251.82 - - [23/Sep/2015:23:46:47 +0000] "GET /~bgreen5/index.html HTTP/1.1" 304 - "-" "Mozilla/5.0 (Macintosh; Intel Mac OS X 10_10_5) AppleWebKit/537.36 (KHTML, like Gecko) Chrome/45.0.2454.93 Safari/537.36"
73.48.251.82 - - [23/Sep/2015:23:46:47 +0000] "GET /~bgreen5/stylesheet.css HTTP/1.1" 404 1132 "http://phillipsd.net/~bgreen5/index.html" "Mozilla/5.0 (Macintosh; Intel Mac OS X 10_10_5) AppleWebKit/537.36 (KHTML, like Gecko) Chrome/45.0.2454.93 Safari/537.36"
73.48.251.82 - - [23/Sep/2015:23:46:47 +0000] "GET /favicon.ico HTTP/1.1" 200 302 "http://phillipsd.net/~bgreen5/index.html" "Mozilla/5.0 (Macintosh; Intel Mac OS X 10_10_5) AppleWebKit/537.36 (KHTML, like Gecko) Chrome/45.0.2454.93 Safari/537.36"
198.8.80.162 - - [23/Sep/2015:23:46:55 +0000] "GET /history/history.css HTTP/1.1" 404 1094 "http://phillipsd.net/" "Mozilla/5.0 (Macintosh; Intel Mac OS X 10_10_5) AppleWebKit/537.36 (KHTML, like Gecko) Chrome/45.0.2454.93 Safari/537.36"
198.8.80.162 - - [23/Sep/2015:23:46:55 +0000] "GET /history/history.js HTTP/1.1" 404 1094 "http://phillipsd.net/" "Mozilla/5.0 (Macintosh; Intel Mac OS X 10_10_5) AppleWebKit/537.36 (KHTML, like Gecko) Chrome/45.0.2454.93 Safari/537.36"
198.8.80.162 - - [23/Sep/2015:23:46:58 +0000] "GET /~bgreen5/stylesheet.css HTTP/1.1" 404 1132 "http://phillipsd.net/~bgreen5/index.html" "Mozilla/5.0 (Macintosh; Intel Mac OS X 10_10_5) AppleWebKit/537.36 (KHTML, like Gecko) Chrome/45.0.2454.93 Safari/537.36"
198.8.80.162 - - [23/Sep/2015:23:47:00 +0000] "GET /~bgreen5/index.html HTTP/1.1" 200 377 "http://www.google.com/url?q=http%3A%2F%2Fphillipsd.net%2F~bgreen5%2Findex.html&sa=D&sntz=1&usg=AFQjCNHPy9IQ9d78i69xPVvJfcc7VYA0Rw" "Mozilla/5.0 (Macintosh; Intel Mac OS X 10_10_5) AppleWebKit/537.36 (KHTML, like Gecko) Chrome/45.0.2454.93 Safari/537.36"
198.8.80.162 - - [23/Sep/2015:23:47:01 +0000] "GET /~bgreen5/stylesheet.css HTTP/1.1" 404 1132 "http://phillipsd.net/~bgreen5/index.html" "Mozilla/5.0 (Macintosh; Intel Mac OS X 10_10_5) AppleWebKit/537.36 (KHTML, like Gecko) Chrome/45.0.2454.93 Safari/537.36"
198.8.80.162 - - [23/Sep/2015:23:47:01 +0000] "GET /favicon.ico HTTP/1.1" 200 302 "http://phillipsd.net/~bgreen5/index.html" "Mozilla/5.0 (Macintosh; Intel Mac OS X 10_10_5) AppleWebKit/537.36 (KHTML, like Gecko) Chrome/45.0.2454.93 Safari/537.36"
198.8.80.162 - - [23/Sep/2015:23:47:03 +0000] "GET /~bgreen5/stylesheet.css HTTP/1.1" 404 1132 "http://phillipsd.net/~bgreen5/index.html" "Mozilla/5.0 (Macintosh; Intel Mac OS X 10_10_5) AppleWebKit/537.36 (KHTML, like Gecko) Chrome/45.0.2454.93 Safari/537.36"
73.48.251.82 - - [23/Sep/2015:23:47:11 +0000] "GET /~bgreen5/index.html HTTP/1.1" 200 377 "http://www.google.com/url?q=http%3A%2F%2Fphillipsd.net%2F~bgreen5%2Findex.html&sa=D&sntz=1&usg=AFQjCNHPy9IQ9d78i69xPVvJfcc7VYA0Rw" "Mozilla/5.0 (Macintosh; Intel Mac OS X 10.10; rv:40.0) Gecko/20100101 Firefox/40.0"
73.48.251.82 - - [23/Sep/2015:23:47:11 +0000] "GET /~bgreen5/stylesheet.css HTTP/1.1" 404 1132 "http://phillipsd.net/~bgreen5/index.html" "Mozilla/5.0 (Macintosh; Intel Mac OS X 10.10; rv:40.0) Gecko/20100101 Firefox/40.0"
198.8.80.162 - - [23/Sep/2015:23:47:20 +0000] "GET /~bgreen5/index.html HTTP/1.1" 304 - "http://www.google.com/url?q=http%3A%2F%2Fphillipsd.net%2F~bgreen5%2Findex.html&sa=D&sntz=1&usg=AFQjCNHPy9IQ9d78i69xPVvJfcc7VYA0Rw" "Mozilla/5.0 (Macintosh; Intel Mac OS X 10_10_5) AppleWebKit/537.36 (KHTML, like Gecko) Chrome/45.0.2454.93 Safari/537.36"
198.8.80.162 - - [23/Sep/2015:23:47:21 +0000] "GET /favicon.ico HTTP/1.1" 200 302 "http://phillipsd.net/~bgreen5/index.html" "Mozilla/5.0 (Macintosh; Intel Mac OS X 10_10_5) AppleWebKit/537.36 (KHTML, like Gecko) Chrome/45.0.2454.93 Safari/537.36"
198.8.80.162 - - [23/Sep/2015:23:47:24 +0000] "GET /~bgreen5/index.html HTTP/1.1" 200 377 "http://www.google.com/url?q=http%3A%2F%2Fphillipsd.net%2F~bgreen5%2Findex.html&sa=D&sntz=1&usg=AFQjCNHPy9IQ9d78i69xPVvJfcc7VYA0Rw" "Mozilla/5.0 (Macintosh; Intel Mac OS X 10_10_5) AppleWebKit/537.36 (KHTML, like Gecko) Chrome/45.0.2454.93 Safari/537.36"
198.8.80.162 - - [23/Sep/2015:23:47:24 +0000] "GET /~bgreen5/stylesheet.css HTTP/1.1" 404 1132 "http://phillipsd.net/~bgreen5/index.html" "Mozilla/5.0 (Macintosh; Intel Mac OS X 10_10_5) AppleWebKit/537.36 (KHTML, like Gecko) Chrome/45.0.2454.93 Safari/537.36"
198.8.80.162 - - [23/Sep/2015:23:47:24 +0000] "GET /favicon.ico HTTP/1.1" 200 302 "http://phillipsd.net/~bgreen5/index.html" "Mozilla/5.0 (Macintosh; Intel Mac OS X 10_10_5) AppleWebKit/537.36 (KHTML, like Gecko) Chrome/45.0.2454.93 Safari/537.36"
198.8.80.162 - - [23/Sep/2015:23:47:29 +0000] "GET /~bgreen5/index.html HTTP/1.1" 304 - "http://www.google.com/url?q=http%3A%2F%2Fphillipsd.net%2F~bgreen5%2Findex.html&sa=D&sntz=1&usg=AFQjCNHPy9IQ9d78i69xPVvJfcc7VYA0Rw" "Mozilla/5.0 (Macintosh; Intel Mac OS X 10_10_5) AppleWebKit/537.36 (KHTML, like Gecko) Chrome/45.0.2454.93 Safari/537.36"
198.8.80.162 - - [23/Sep/2015:23:47:29 +0000] "GET /favicon.ico HTTP/1.1" 200 302 "http://phillipsd.net/~bgreen5/index.html" "Mozilla/5.0 (Macintosh; Intel Mac OS X 10_10_5) AppleWebKit/537.36 (KHTML, like Gecko) Chrome/45.0.2454.93 Safari/537.36"
198.8.80.162 - - [23/Sep/2015:23:47:34 +0000] "GET /~bgreen5/index.html HTTP/1.1" 304 - "http://www.google.com/url?q=http%3A%2F%2Fphillipsd.net%2F~bgreen5%2Findex.html&sa=D&sntz=1&usg=AFQjCNHPy9IQ9d78i69xPVvJfcc7VYA0Rw" "Mozilla/5.0 (Macintosh; Intel Mac OS X 10_10_5) AppleWebKit/537.36 (KHTML, like Gecko) Chrome/45.0.2454.93 Safari/537.36"
198.8.80.162 - - [23/Sep/2015:23:47:35 +0000] "GET /favicon.ico HTTP/1.1" 200 302 "http://phillipsd.net/~bgreen5/index.html" "Mozilla/5.0 (Macintosh; Intel Mac OS X 10_10_5) AppleWebKit/537.36 (KHTML, like Gecko) Chrome/45.0.2454.93 Safari/537.36"
2602:30a:c0b9:32c0:b90c:f131:150e:e343 - - [23/Sep/2015:23:49:30 +0000] "GET /~lmartin10/ HTTP/1.1" 200 224 "-" "Mozilla/5.0 (Windows NT 6.3; WOW64) AppleWebKit/537.36 (KHTML, like Gecko) Chrome/45.0.2454.93 Safari/537.36"
2602:30a:c0b9:32c0:b90c:f131:150e:e343 - - [23/Sep/2015:23:49:31 +0000] "GET /favicon.ico HTTP/1.1" 200 302 "http://phillipsd.net/~lmartin10/" "Mozilla/5.0 (Windows NT 6.3; WOW64) AppleWebKit/537.36 (KHTML, like Gecko) Chrome/45.0.2454.93 Safari/537.36"
73.48.251.82 - - [23/Sep/2015:23:51:00 +0000] "GET /~bgreen5/index.html HTTP/1.1" 304 - "-" "Mozilla/5.0 (Macintosh; Intel Mac OS X 10_10_5) AppleWebKit/537.36 (KHTML, like Gecko) Chrome/45.0.2454.93 Safari/537.36"
73.48.251.82 - - [23/Sep/2015:23:51:01 +0000] "GET /~bgreen5/stylesheet.css HTTP/1.1" 404 1132 "http://phillipsd.net/~bgreen5/index.html" "Mozilla/5.0 (Macintosh; Intel Mac OS X 10_10_5) AppleWebKit/537.36 (KHTML, like Gecko) Chrome/45.0.2454.93 Safari/537.36"
73.48.251.82 - - [23/Sep/2015:23:51:01 +0000] "GET /favicon.ico HTTP/1.1" 200 302 "http://phillipsd.net/~bgreen5/index.html" "Mozilla/5.0 (Macintosh; Intel Mac OS X 10_10_5) AppleWebKit/537.36 (KHTML, like Gecko) Chrome/45.0.2454.93 Safari/537.36"
73.48.251.82 - - [23/Sep/2015:23:51:14 +0000] "GET /~bgreen5/index.html HTTP/1.1" 304 - "-" "Mozilla/5.0 (Macintosh; Intel Mac OS X 10_10_5) AppleWebKit/537.36 (KHTML, like Gecko) Chrome/45.0.2454.93 Safari/537.36"
73.48.251.82 - - [23/Sep/2015:23:51:14 +0000] "GET /~bgreen5/stylesheet.css HTTP/1.1" 404 1132 "http://phillipsd.net/~bgreen5/index.html" "Mozilla/5.0 (Macintosh; Intel Mac OS X 10_10_5) AppleWebKit/537.36 (KHTML, like Gecko) Chrome/45.0.2454.93 Safari/537.36"
73.48.251.82 - - [23/Sep/2015:23:51:14 +0000] "GET /favicon.ico HTTP/1.1" 200 302 "http://phillipsd.net/~bgreen5/index.html" "Mozilla/5.0 (Macintosh; Intel Mac OS X 10_10_5) AppleWebKit/537.36 (KHTML, like Gecko) Chrome/45.0.2454.93 Safari/537.36"
73.48.251.82 - - [23/Sep/2015:23:51:28 +0000] "GET /~bgreen5/stylesheet.css HTTP/1.1" 404 1132 "http://phillipsd.net/~bgreen5/index.html" "Mozilla/5.0 (Macintosh; Intel Mac OS X 10_10_5) AppleWebKit/537.36 (KHTML, like Gecko) Chrome/45.0.2454.93 Safari/537.36"
198.189.14.2 - - [23/Sep/2015:23:53:20 +0000] "GET /~mluchini/ HTTP/1.1" 200 1036 "-" "Mozilla/5.0 (X11; Ubuntu; Linux x86_64; rv:40.0) Gecko/20100101 Firefox/40.0"
198.189.14.2 - - [23/Sep/2015:23:56:22 +0000] "GET /~mluchini/ HTTP/1.1" 304 - "-" "Mozilla/5.0 (X11; Ubuntu; Linux x86_64; rv:40.0) Gecko/20100101 Firefox/40.0"
73.48.251.82 - - [23/Sep/2015:23:58:31 +0000] "GET /~bgreen5/index.html HTTP/1.1" 200 378 "http://www.google.com/url?q=http%3A%2F%2Fphillipsd.net%2F~bgreen5%2Findex.html&sa=D&sntz=1&usg=AFQjCNHPy9IQ9d78i69xPVvJfcc7VYA0Rw" "Mozilla/5.0 (Macintosh; Intel Mac OS X 10.10; rv:40.0) Gecko/20100101 Firefox/40.0"
73.48.251.82 - - [23/Sep/2015:23:58:31 +0000] "GET /~bgreen5/stylesheet.css HTTP/1.1" 200 31 "http://phillipsd.net/~bgreen5/index.html" "Mozilla/5.0 (Macintosh; Intel Mac OS X 10.10; rv:40.0) Gecko/20100101 Firefox/40.0"
198.189.14.2 - - [24/Sep/2015:00:01:09 +0000] "GET /~tburt/collision.html HTTP/1.1" 200 1849 "-" "Mozilla/5.0 (X11; Ubuntu; Linux x86_64; rv:40.0) Gecko/20100101 Firefox/40.0"
198.189.14.2 - - [24/Sep/2015:00:01:09 +0000] "GET /favicon.ico HTTP/1.1" 200 302 "-" "Mozilla/5.0 (X11; Ubuntu; Linux x86_64; rv:40.0) Gecko/20100101 Firefox/40.0"
73.48.251.82 - - [24/Sep/2015:00:03:49 +0000] "GET / HTTP/1.1" 200 5799 "-" "Mozilla/5.0 (X11; Ubuntu; Linux i686; rv:40.0) Gecko/20100101 Firefox/40.0"
73.48.251.82 - - [24/Sep/2015:00:03:49 +0000] "GET /history/history.css HTTP/1.1" 404 1094 "http://phillipsd.net/" "Mozilla/5.0 (X11; Ubuntu; Linux i686; rv:40.0) Gecko/20100101 Firefox/40.0"
73.48.251.82 - - [24/Sep/2015:00:03:49 +0000] "GET /history/history.js HTTP/1.1" 404 1094 "http://phillipsd.net/" "Mozilla/5.0 (X11; Ubuntu; Linux i686; rv:40.0) Gecko/20100101 Firefox/40.0"
73.48.251.82 - - [24/Sep/2015:00:03:49 +0000] "GET /swfobject.js HTTP/1.1" 200 25574 "http://phillipsd.net/" "Mozilla/5.0 (X11; Ubuntu; Linux i686; rv:40.0) Gecko/20100101 Firefox/40.0"
73.48.251.82 - - [24/Sep/2015:00:03:50 +0000] "GET /favicon.ico HTTP/1.1" 200 302 "-" "Mozilla/5.0 (X11; Ubuntu; Linux i686; rv:40.0) Gecko/20100101 Firefox/40.0"
73.48.251.82 - - [24/Sep/2015:00:04:10 +0000] "GET /history/history.css HTTP/1.1" 404 1094 "http://phillipsd.net/" "Mozilla/5.0 (X11; Ubuntu; Linux i686; rv:40.0) Gecko/20100101 Firefox/40.0"
73.48.251.82 - - [24/Sep/2015:00:04:10 +0000] "GET /history/history.js HTTP/1.1" 404 1094 "http://phillipsd.net/" "Mozilla/5.0 (X11; Ubuntu; Linux i686; rv:40.0) Gecko/20100101 Firefox/40.0"
73.48.251.82 - - [24/Sep/2015:00:04:29 +0000] "GET /~bgreen5/index.html HTTP/1.1" 200 378 "-" "Mozilla/5.0 (Macintosh; Intel Mac OS X 10_10_5) AppleWebKit/537.36 (KHTML, like Gecko) Chrome/45.0.2454.93 Safari/537.36"
73.48.251.82 - - [24/Sep/2015:00:04:29 +0000] "GET /~bgreen5/stylesheet.css HTTP/1.1" 200 31 "http://phillipsd.net/~bgreen5/index.html" "Mozilla/5.0 (Macintosh; Intel Mac OS X 10_10_5) AppleWebKit/537.36 (KHTML, like Gecko) Chrome/45.0.2454.93 Safari/537.36"
73.48.251.82 - - [24/Sep/2015:00:04:29 +0000] "GET /favicon.ico HTTP/1.1" 200 302 "http://phillipsd.net/~bgreen5/index.html" "Mozilla/5.0 (Macintosh; Intel Mac OS X 10_10_5) AppleWebKit/537.36 (KHTML, like Gecko) Chrome/45.0.2454.93 Safari/537.36"
73.48.251.82 - - [24/Sep/2015:00:04:59 +0000] "GET / HTTP/1.1" 200 5799 "-" "Mozilla/5.0 (Macintosh; Intel Mac OS X 10_10_5) AppleWebKit/537.36 (KHTML, like Gecko) Chrome/45.0.2454.93 Safari/537.36"
73.48.251.82 - - [24/Sep/2015:00:04:59 +0000] "GET /history/history.js HTTP/1.1" 404 1094 "http://phillipsd.net/" "Mozilla/5.0 (Macintosh; Intel Mac OS X 10_10_5) AppleWebKit/537.36 (KHTML, like Gecko) Chrome/45.0.2454.93 Safari/537.36"
73.48.251.82 - - [24/Sep/2015:00:04:59 +0000] "GET /swfobject.js HTTP/1.1" 200 25574 "http://phillipsd.net/" "Mozilla/5.0 (Macintosh; Intel Mac OS X 10_10_5) AppleWebKit/537.36 (KHTML, like Gecko) Chrome/45.0.2454.93 Safari/537.36"
73.48.251.82 - - [24/Sep/2015:00:04:59 +0000] "GET /history/history.css HTTP/1.1" 404 1094 "http://phillipsd.net/" "Mozilla/5.0 (Macintosh; Intel Mac OS X 10_10_5) AppleWebKit/537.36 (KHTML, like Gecko) Chrome/45.0.2454.93 Safari/537.36"
73.48.251.82 - - [24/Sep/2015:00:05:00 +0000] "GET /Main.swf HTTP/1.1" 200 1911987 "http://phillipsd.net/" "Mozilla/5.0 (Macintosh; Intel Mac OS X 10_10_5) AppleWebKit/537.36 (KHTML, like Gecko) Chrome/45.0.2454.93 Safari/537.36"
73.48.251.82 - - [24/Sep/2015:00:05:26 +0000] "GET / HTTP/1.1" 200 5799 "-" "Mozilla/5.0 (Macintosh; Intel Mac OS X 10.10; rv:40.0) Gecko/20100101 Firefox/40.0"
73.48.251.82 - - [24/Sep/2015:00:05:26 +0000] "GET /history/history.css HTTP/1.1" 404 1094 "http://phillipsd.net/" "Mozilla/5.0 (Macintosh; Intel Mac OS X 10.10; rv:40.0) Gecko/20100101 Firefox/40.0"
73.48.251.82 - - [24/Sep/2015:00:05:26 +0000] "GET /history/history.js HTTP/1.1" 404 1094 "http://phillipsd.net/" "Mozilla/5.0 (Macintosh; Intel Mac OS X 10.10; rv:40.0) Gecko/20100101 Firefox/40.0"
73.48.251.82 - - [24/Sep/2015:00:05:26 +0000] "GET /swfobject.js HTTP/1.1" 200 25574 "http://phillipsd.net/" "Mozilla/5.0 (Macintosh; Intel Mac OS X 10.10; rv:40.0) Gecko/20100101 Firefox/40.0"
73.48.251.82 - - [24/Sep/2015:00:05:27 +0000] "GET /Main.swf HTTP/1.1" 200 1911987 "http://phillipsd.net/" "Mozilla/5.0 (Macintosh; Intel Mac OS X 10.10; rv:40.0) Gecko/20100101 Firefox/40.0"
73.48.251.82 - - [24/Sep/2015:00:06:10 +0000] "GET /~bgreen5/index.html HTTP/1.1" 304 - "http://www.google.com/url?q=http%3A%2F%2Fphillipsd.net%2F~bgreen5%2Findex.html&sa=D&sntz=1&usg=AFQjCNHPy9IQ9d78i69xPVvJfcc7VYA0Rw" "Mozilla/5.0 (Macintosh; Intel Mac OS X 10.10; rv:40.0) Gecko/20100101 Firefox/40.0"
73.48.251.82 - - [24/Sep/2015:00:06:10 +0000] "GET /~bgreen5/stylesheet.css HTTP/1.1" 304 - "http://phillipsd.net/~bgreen5/index.html" "Mozilla/5.0 (Macintosh; Intel Mac OS X 10.10; rv:40.0) Gecko/20100101 Firefox/40.0"
198.189.14.2 - - [24/Sep/2015:00:07:23 +0000] "GET /~tburt/collision.html HTTP/1.1" 304 - "-" "Mozilla/5.0 (X11; Ubuntu; Linux x86_64; rv:40.0) Gecko/20100101 Firefox/40.0"
198.189.14.2 - - [24/Sep/2015:00:07:50 +0000] "GET /~tburt/collision.html HTTP/1.1" 200 1849 "-" "Mozilla/5.0 (X11; Ubuntu; Linux x86_64; rv:40.0) Gecko/20100101 Firefox/40.0"
198.189.14.2 - - [24/Sep/2015:00:08:17 +0000] "GET /~mluchini/ HTTP/1.1" 200 1036 "-" "Mozilla/5.0 (X11; Ubuntu; Linux x86_64; rv:40.0) Gecko/20100101 Firefox/40.0"
198.189.14.2 - - [24/Sep/2015:00:08:38 +0000] "GET /~mluchini/ HTTP/1.1" 200 1036 "-" "Mozilla/5.0 (X11; Ubuntu; Linux x86_64; rv:40.0) Gecko/20100101 Firefox/40.0"
198.189.14.2 - - [24/Sep/2015:00:08:58 +0000] "GET /~mluchini/ HTTP/1.1" 200 1036 "-" "Mozilla/5.0 (X11; Ubuntu; Linux x86_64; rv:40.0) Gecko/20100101 Firefox/40.0"
73.48.251.82 - - [24/Sep/2015:00:09:10 +0000] "GET /~bgreen5/index.html HTTP/1.1" 200 402 "http://www.google.com/url?q=http%3A%2F%2Fphillipsd.net%2F~bgreen5%2Findex.html&sa=D&sntz=1&usg=AFQjCNHPy9IQ9d78i69xPVvJfcc7VYA0Rw" "Mozilla/5.0 (Macintosh; Intel Mac OS X 10.10; rv:40.0) Gecko/20100101 Firefox/40.0"
73.48.251.82 - - [24/Sep/2015:00:09:10 +0000] "GET /~bgreen5/stylesheet.css HTTP/1.1" 304 - "http://phillipsd.net/~bgreen5/index.html" "Mozilla/5.0 (Macintosh; Intel Mac OS X 10.10; rv:40.0) Gecko/20100101 Firefox/40.0"
198.189.14.2 - - [24/Sep/2015:00:09:38 +0000] "GET /~mluchini/ HTTP/1.1" 200 1031 "-" "Mozilla/5.0 (X11; Ubuntu; Linux x86_64; rv:40.0) Gecko/20100101 Firefox/40.0"
198.189.14.2 - - [24/Sep/2015:00:09:46 +0000] "GET /~mluchini/ HTTP/1.1" 304 - "-" "Mozilla/5.0 (X11; Ubuntu; Linux x86_64; rv:40.0) Gecko/20100101 Firefox/40.0"
198.189.14.2 - - [24/Sep/2015:00:10:06 +0000] "GET /~mluchini/ HTTP/1.1" 200 1036 "-" "Mozilla/5.0 (X11; Ubuntu; Linux x86_64; rv:40.0) Gecko/20100101 Firefox/40.0"
198.189.14.2 - - [24/Sep/2015:00:12:35 +0000] "GET /~mluchini/ HTTP/1.1" 200 1129 "-" "Mozilla/5.0 (X11; Ubuntu; Linux x86_64; rv:40.0) Gecko/20100101 Firefox/40.0"
54.197.226.18 - - [24/Sep/2015:00:14:56 +0000] "HEAD /favicon.ico HTTP/1.1" 200 - "-" "-"
2602:30a:c0b9:32c0:b90c:f131:150e:e343 - - [24/Sep/2015:00:14:56 +0000] "GET /favicon.ico HTTP/1.1" 200 302 "-" "Mozilla/5.0 (Windows NT 6.3; WOW64) AppleWebKit/537.36 (KHTML, like Gecko) Chrome/45.0.2454.93 Safari/537.36"
198.189.14.2 - - [24/Sep/2015:00:15:15 +0000] "GET /~mluchini/ HTTP/1.1" 200 1152 "-" "Mozilla/5.0 (X11; Ubuntu; Linux x86_64; rv:40.0) Gecko/20100101 Firefox/40.0"
73.48.251.82 - - [24/Sep/2015:00:16:09 +0000] "GET /~bgreen5/index.html HTTP/1.1" 200 401 "http://www.google.com/url?q=http%3A%2F%2Fphillipsd.net%2F~bgreen5%2Findex.html&sa=D&sntz=1&usg=AFQjCNHPy9IQ9d78i69xPVvJfcc7VYA0Rw" "Mozilla/5.0 (Macintosh; Intel Mac OS X 10.10; rv:40.0) Gecko/20100101 Firefox/40.0"
73.48.251.82 - - [24/Sep/2015:00:16:09 +0000] "GET /~bgreen5/stylesheet.css HTTP/1.1" 200 31 "http://phillipsd.net/~bgreen5/index.html" "Mozilla/5.0 (Macintosh; Intel Mac OS X 10.10; rv:40.0) Gecko/20100101 Firefox/40.0"
73.48.251.82 - - [24/Sep/2015:00:16:09 +0000] "GET /favicon.ico HTTP/1.1" 200 302 "-" "Mozilla/5.0 (Macintosh; Intel Mac OS X 10.10; rv:40.0) Gecko/20100101 Firefox/40.0"
198.189.14.2 - - [24/Sep/2015:00:16:14 +0000] "GET /~mluchini/ HTTP/1.1" 200 1152 "-" "Mozilla/5.0 (X11; Ubuntu; Linux x86_64; rv:40.0) Gecko/20100101 Firefox/40.0"
